Microchip Technology Inc, v1.50 (B)

Tool Name:
  c:\program files\microchip\xc16\v1.50\bin\bin\..\bin/elf-ld.exe

Command:
  -p24HJ128GP504 \
  --mdfp=C:/Program Files/Microchip/MPLABX/v5.30/packs/Microchip/dsPIC33F-GP-MC_DFP/1.1.15/xc16 \
  -o \
  dist/GameCat_XC24H/production/GameCat_XC24H.production.elf \
  -Lc:/program files/microchip/xc16/v1.50/bin/bin/.. \
  -LC:/Program Files/Microchip/MPLABX/v5.30/packs/Microchip/dsPIC33F-GP-MC_DFP/1.1.15/xc16/bin/../support/PIC24H/gld \
  -LC:/Program Files/Microchip/MPLABX/v5.30/packs/Microchip/dsPIC33F-GP-MC_DFP/1.1.15/xc16/bin/../support/dsPIC33F/gld \
  -Lc:/program files/microchip/xc16/v1.50/bin/bin/../../lib \
  -Lc:/program files/microchip/xc16/v1.50/bin/bin/../../support/PIC24E/gld \
  -Lc:/program files/microchip/xc16/v1.50/bin/bin/../../support/PIC24F/gld \
  -Lc:/program files/microchip/xc16/v1.50/bin/bin/../../support/PIC24H/gld \
  -Lc:/program files/microchip/xc16/v1.50/bin/bin/../../support/dsPIC30F/gld \
  -Lc:/program files/microchip/xc16/v1.50/bin/bin/../../support/dsPIC33C/gld \
  -Lc:/program files/microchip/xc16/v1.50/bin/bin/../../support/dsPIC33E/gld \
  -Lc:/program files/microchip/xc16/v1.50/bin/bin/../../support/dsPIC33F/gld \
  build/GameCat_XC24H/production/controls/control_draw_menu.o \
  build/GameCat_XC24H/production/controls/control_parameters_can.o \
  build/GameCat_XC24H/production/controls/control_struct_menu_can.o \
  build/GameCat_XC24H/production/controls/control_parameters_system.o \
  build/GameCat_XC24H/production/drivers/driver_analog_digital_converter.o \
  build/GameCat_XC24H/production/drivers/driver_controller_area_network.o \
  build/GameCat_XC24H/production/drivers/driver_cyclic_redundancy_check.o \
  build/GameCat_XC24H/production/drivers/driver_direct_memory_access_one.o \
  build/GameCat_XC24H/production/drivers/driver_direct_memory_access_zero.o \
  build/GameCat_XC24H/production/drivers/driver_output_compare_one.o \
  build/GameCat_XC24H/production/drivers/driver_serial_peripheral_interface_one.o \
  build/GameCat_XC24H/production/drivers/driver_timer_two.o \
  build/GameCat_XC24H/production/drivers/driver_universal_asynchronous_receiver_transmitter_one.o \
  build/GameCat_XC24H/production/drivers/driver_universal_asynchronous_receiver_transmitter_two.o \
  build/GameCat_XC24H/production/drivers/driver_timer_five.o \
  build/GameCat_XC24H/production/libraries/library_draw_font.o \
  build/GameCat_XC24H/production/libraries/library_draw_primitives.o \
  build/GameCat_XC24H/production/libraries/library_glcd_pcd8544.o \
  build/GameCat_XC24H/production/libraries/library_joystick.o \
  build/GameCat_XC24H/production/libraries/library_storage_bitmaps.o \
  build/GameCat_XC24H/production/libraries/library_storage_fonts.o \
  build/GameCat_XC24H/production/libraries/library_management_pulses.o \
  build/GameCat_XC24H/production/main/dma_interruptions.o \
  build/GameCat_XC24H/production/main/main_configuration.o \
  build/GameCat_XC24H/production/main/main_function.o \
  build/GameCat_XC24H/production/main/main_interruptions.o \
  build/GameCat_XC24H/production/main/traps_interruptions.o \
  build/GameCat_XC24H/production/sources/source_config_event_groups.o \
  build/GameCat_XC24H/production/sources/source_config_mutex.o \
  build/GameCat_XC24H/production/sources/source_config_queues.o \
  build/GameCat_XC24H/production/sources/source_config_tasks.o \
  build/GameCat_XC24H/production/sources/source_config_timers.o \
  build/GameCat_XC24H/production/system/list.o \
  build/GameCat_XC24H/production/system/queue.o \
  build/GameCat_XC24H/production/system/tasks.o \
  build/GameCat_XC24H/production/system/timers.o \
  build/GameCat_XC24H/production/system/portable/MemMang/heap_4.o \
  build/GameCat_XC24H/production/system/portable/PIC24_dsPIC/port.o \
  build/GameCat_XC24H/production/system/portable/PIC24_dsPIC/portasm_PIC24.o \
  build/GameCat_XC24H/production/system/event_groups.o \
  build/GameCat_XC24H/production/threads/thread_screen_menu.o \
  build/GameCat_XC24H/production/threads/threads_timer_system.o \
  --defsym=__MPLAB_BUILD=1 \
  -Tp24HJ128GP504.gld.00 \
  --heap=32 \
  --stack=16 \
  --check-sections \
  --data-init \
  --pack-data \
  --handles \
  --isr \
  --gc-sections \
  --fill-upper=0 \
  --stackguard=16 \
  --no-force-link \
  --smart-io \
  -Map=dist/GameCat_XC24H/production/GameCat_XC24H.production.map \
  --memorysummary \
  dist/GameCat_XC24H/production/memoryfile.xml \
  -start-group \
  --library=pic30-elf \
  --library=m-elf \
  --library=c-elf \
  -end-group \


Optional library libp24HJ128GP504.a not found
Archive member included because of file (symbol)

c:/program files/microchip/xc16/v1.50/bin/bin/../../lib\libpic30-elf.a(crt0_standard.o)
                              (__resetPRI)
c:/program files/microchip/xc16/v1.50/bin/bin/../../lib\libpic30-elf.a(data_init_standard.o)
[...]
Memory Configuration

Name             Origin             Length             Attributes
data             0x000800           0x002000           a !xr
reset            0x000000           0x000004  
ivt              0x000004           0x0000fc  
_reserved        0x000100           0x000004  
aivt             0x000104           0x0000fc  
program          0x000200           0x015600           xr
FBS              0xf80000           0x000002  
FSS              0xf80002           0x000002  
FGS              0xf80004           0x000002  
FOSCSEL          0xf80006           0x000002  
FOSC             0xf80008           0x000002  
FWDT             0xf8000a           0x000002  
FPOR             0xf8000c           0x000002  
FICD             0xf8000e           0x000002  
FUID0            0xf80010           0x000002  
FUID1            0xf80012           0x000002  
FUID2            0xf80014           0x000002  
FUID3            0xf80016           0x000002  
*default*        0x000000           0xffffffff  

Linker script and memory map

LOAD build/GameCat_XC24H/production/controls/control_draw_menu.o
LOAD build/GameCat_XC24H/production/controls/control_parameters_can.o
LOAD build/GameCat_XC24H/production/controls/control_struct_menu_can.o
LOAD build/GameCat_XC24H/production/controls/control_parameters_system.o
LOAD build/GameCat_XC24H/production/drivers/driver_analog_digital_converter.o
LOAD build/GameCat_XC24H/production/drivers/driver_controller_area_network.o
LOAD build/GameCat_XC24H/production/drivers/driver_cyclic_redundancy_check.o
LOAD build/GameCat_XC24H/production/drivers/driver_direct_memory_access_one.o
LOAD build/GameCat_XC24H/production/drivers/driver_direct_memory_access_zero.o
LOAD build/GameCat_XC24H/production/drivers/driver_output_compare_one.o
LOAD build/GameCat_XC24H/production/drivers/driver_serial_peripheral_interface_one.o
LOAD build/GameCat_XC24H/production/drivers/driver_timer_two.o
LOAD build/GameCat_XC24H/production/drivers/driver_universal_asynchronous_receiver_transmitter_one.o
LOAD build/GameCat_XC24H/production/drivers/driver_universal_asynchronous_receiver_transmitter_two.o
LOAD build/GameCat_XC24H/production/drivers/driver_timer_five.o
LOAD build/GameCat_XC24H/production/libraries/library_draw_font.o
LOAD build/GameCat_XC24H/production/libraries/library_draw_primitives.o
LOAD build/GameCat_XC24H/production/libraries/library_glcd_pcd8544.o
LOAD build/GameCat_XC24H/production/libraries/library_joystick.o
LOAD build/GameCat_XC24H/production/libraries/library_storage_bitmaps.o
LOAD build/GameCat_XC24H/production/libraries/library_storage_fonts.o
LOAD build/GameCat_XC24H/production/libraries/library_management_pulses.o
LOAD build/GameCat_XC24H/production/main/dma_interruptions.o
LOAD build/GameCat_XC24H/production/main/main_configuration.o
LOAD build/GameCat_XC24H/production/main/main_function.o
LOAD build/GameCat_XC24H/production/main/main_interruptions.o
LOAD build/GameCat_XC24H/production/main/traps_interruptions.o
LOAD build/GameCat_XC24H/production/sources/source_config_event_groups.o
LOAD build/GameCat_XC24H/production/sources/source_config_mutex.o
LOAD build/GameCat_XC24H/production/sources/source_config_queues.o
LOAD build/GameCat_XC24H/production/sources/source_config_tasks.o
LOAD build/GameCat_XC24H/production/sources/source_config_timers.o
LOAD build/GameCat_XC24H/production/system/list.o
LOAD build/GameCat_XC24H/production/system/queue.o
LOAD build/GameCat_XC24H/production/system/tasks.o
LOAD build/GameCat_XC24H/production/system/timers.o
LOAD build/GameCat_XC24H/production/system/portable/MemMang/heap_4.o
LOAD build/GameCat_XC24H/production/system/portable/PIC24_dsPIC/port.o
LOAD build/GameCat_XC24H/production/system/portable/PIC24_dsPIC/portasm_PIC24.o
LOAD build/GameCat_XC24H/production/system/event_groups.o
LOAD build/GameCat_XC24H/production/threads/thread_screen_menu.o
LOAD build/GameCat_XC24H/production/threads/threads_timer_system.o
                    0x0001                  __MPLAB_BUILD = 0x1
LOAD p24HJ128GP504
LOAD c:/program files/microchip/xc16/v1.50/bin/bin/../../lib\libfx-elf.a
                    0xf80000                  __FBS = 0xf80000
                    0xf80002                  __FSS = 0xf80002
                    0xf80004                  __FGS = 0xf80004
                    0xf80006                  __FOSCSEL = 0xf80006
                    0xf80008                  __FOSC = 0xf80008
                    0xf8000a                  __FWDT = 0xf8000a
                    0xf8000c                  __FPOR = 0xf8000c
                    0xf8000e                  __FICD = 0xf8000e
                    0xf80010                  __FUID0 = 0xf80010
                    0xf80012                  __FUID1 = 0xf80012
                    0xf80014                  __FUID2 = 0xf80014
                    0xf80016                  __FUID3 = 0xf80016
                    0x0200                  __CODE_BASE = 0x200
                    0x15600                  __CODE_LENGTH = 0x15600
                    0x0004                  __IVT_BASE = 0x4
                    0x0104                  __AIVT_BASE = 0x104
                    0x0800                  __DATA_BASE = 0x800
                    0x2000                  __DATA_LENGTH = 0x2000
                    0x2000                  __DMA_BASE = 0x2000
                    0x27ff                  __DMA_END = 0x27ff

.reset            0x000000          0x4
                  0x000000          0x2 SHORT 0x200 ABSOLUTE (__reset)
                  0x000001          0x2 SHORT 0x4
                  0x000002          0x2 SHORT 0x0 ((ABSOLUTE (__reset) >> 0x10) & 0x7f)
                  0x000003          0x2 SHORT 0x0

.text             0x000200        0xa1a
 *(.init)
 .init            0x000200         0x4c c:/program files/microchip/xc16/v1.50/bin/bin/../../lib\libpic30-elf.a(crt0_standard.o)
                  0x000200                  __resetPRI
                  0x000200                  __reset
                  0x00023c                  __psv_init
 .init            0x00024c         0x7c c:/program files/microchip/xc16/v1.50/bin/bin/../../lib\libpic30-elf.a(data_init_standard.o)
                  0x000252                  __data_init_standard
                  0x000252                  __data_init
 *(.user_init)
 *(.handle)
 .handle          0x0002c8         0x28 jump_table
 *(.isr*)
 .isr.text        0x0002f0         0xfa build/GameCat_XC24H/production/main/main_interruptions.o
                  0x0002f0                  __C1Interrupt
                  0x0003c2                  __U1RXInterrupt
                  0x0003d6                  __U1TXInterrupt
 .isr.text        0x0003ea         0x5e build/GameCat_XC24H/production/main/traps_interruptions.o
                  0x0003ea                  __OscillatorFail
                  0x000428                  __AddressError
                  0x000430                  __StackError
                  0x000438                  __MathError
                  0x000440                  __DMACError
 .isr.text        0x000448         0x52 build/GameCat_XC24H/production/system/portable/PIC24_dsPIC/port.o
                  0x000448                  __T1Interrupt
 .isr             0x00049a          0x4 default_isr
                  0x00049a                  __DefaultInterrupt
 *(.libc)
 .libc            0x00049e         0x10 c:/program files/microchip/xc16/v1.50/bin/bin/../../lib\libc-elf.a(iscntrl.eso)
                  0x00049e                  _iscntrl
 .libc            0x0004ae          0xc c:/program files/microchip/xc16/v1.50/bin/bin/../../lib\libc-elf.a(isprint.eso)
                  0x0004ae                  _isprint
 .libc            0x0004ba         0x84 c:/program files/microchip/xc16/v1.50/bin/bin/../../lib\libpic30-elf.a(write.eo)
                  0x0004ba                  _write
 *(.libm)
 *(.libdsp)
 *(.lib*)
 .libpic30_crt_start_mode
                  0x00053e          0x2 c:/program files/microchip/xc16/v1.50/bin/bin/../../lib\libpic30-elf.a(crt_start_mode_normal.eo)
                  0x00053e                  __crt_start_mode
                  0x00053e                  __crt_start_mode_normal
 .libm.udivsi3    0x000540         0x20 c:/program files/microchip/xc16/v1.50/bin/bin/../../lib\libm-elf.a(udivsi3.eo)
                  0x000540                  ___udivsi3
 .libc.memcpy     0x000560          0xe c:/program files/microchip/xc16/v1.50/bin/bin/../../lib\libc-elf.a(memcpy.eo)
                  0x000560                  _memcpy
 .libc.memset     0x00056e          0xe c:/program files/microchip/xc16/v1.50/bin/bin/../../lib\libc-elf.a(memset.eo)
                  0x00056e                  _memset
 .libc._sprintf_cdnopuxX
                  0x00057c         0x2c c:/program files/microchip/xc16/v1.50/bin/bin/../../lib\libc-elf.a(sprintf_cdnopuxX.XXeo)
                  0x00057c                  __sprintf_cdnopuxX
 .libc.sputc      0x0005a8         0x12 c:/program files/microchip/xc16/v1.50/bin/bin/../../lib\libc-elf.a(doprnt_cdnopuxX.XXeo)
 .libc._vfprintf_cdnopuxX
                  0x0005ba        0x54c c:/program files/microchip/xc16/v1.50/bin/bin/../../lib\libc-elf.a(doprnt_cdnopuxX.XXeo)
                  0x0005ba                  __vfprintf_cdnopuxX
 .libc.fputc      0x000b06         0x86 c:/program files/microchip/xc16/v1.50/bin/bin/../../lib\libc-elf.a(fputc.eo)
                  0x000b06                  _fputc
 .libc._flsbuf    0x000b8c         0x7e c:/program files/microchip/xc16/v1.50/bin/bin/../../lib\libc-elf.a(flsbuf.eo)
                  0x000b8c                  __flsbuf
 .libc.dowrite    0x000c0a          0x4 c:/program files/microchip/xc16/v1.50/bin/bin/../../lib\libpic30-elf.a(write.eo)
 .libm.mulsi3     0x000c0e          0xc c:/program files/microchip/xc16/v1.50/bin/bin/../../lib\libm-elf.a(mulsi3.eo)
                  0x000c0e                  ___mulp32peds3
                  0x000c0e                  ___mulsi3
                  0x000c0e                  ___mulp32eds3

usercode
 *(usercode)

__FBS             0xf80000          0x2
 *(__FBS.sec*)
 __FBS.sec        0xf80000          0x2 /CW/_FBSà›4
                  0xf80000                  __FBS.sec

__FSS             0xf80002          0x2
 *(__FSS.sec*)
 __FSS.sec        0xf80002          0x2 /CW/_FSSÐ‹4
                  0xf80002                  __FSS.sec

__FGS             0xf80004          0x2
 *(__FGS.sec*)
 __FGS.sec        0xf80004          0x2 /CW/_FGSP4
                  0xf80004                  __FGS.sec

__FOSCSEL
 *(__FOSCSEL.sec*)

__FOSC
 *(__FOSC.sec*)

__FWDT
 *(__FWDT.sec*)

__FPOR
 *(__FPOR.sec*)

__FICD
 *(__FICD.sec*)

__FUID0
 *(__FUID0.sec*)

__FUID1
 *(__FUID1.sec*)

__FUID2
 *(__FUID2.sec*)

__FUID3
 *(__FUID3.sec*)

.comment
 *(.comment)

.debug_info       0x000000      0x1937e
 *(.debug_info)
 .debug_info      0x000000        0xdd2 build/GameCat_XC24H/production/controls/control_draw_menu.o
 .debug_info      0x000dd2       0x137b build/GameCat_XC24H/production/controls/control_parameters_can.o
 .debug_info      0x00214d       0x18bd build/GameCat_XC24H/production/controls/control_struct_menu_can.o
 .debug_info      0x003a0a        0x1fd build/GameCat_XC24H/production/controls/control_parameters_system.o
 .debug_info      0x003c07        0xc82 build/GameCat_XC24H/production/drivers/driver_analog_digital_converter.o
 .debug_info      0x004889       0x2eff build/GameCat_XC24H/production/drivers/driver_controller_area_network.o
 .debug_info      0x007788        0x8b8 build/GameCat_XC24H/production/drivers/driver_cyclic_redundancy_check.o
 .debug_info      0x008040        0x764 build/GameCat_XC24H/production/drivers/driver_direct_memory_access_one.o
 .debug_info      0x0087a4        0x7b1 build/GameCat_XC24H/production/drivers/driver_direct_memory_access_zero.o
 .debug_info      0x008f55        0xca5 build/GameCat_XC24H/production/drivers/driver_output_compare_one.o
 .debug_info      0x009bfa        0xe3a build/GameCat_XC24H/production/drivers/driver_serial_peripheral_interface_one.o
 .debug_info      0x00aa34        0x855 build/GameCat_XC24H/production/drivers/driver_timer_two.o
 .debug_info      0x00b289       0x14ac build/GameCat_XC24H/production/drivers/driver_universal_asynchronous_receiver_transmitter_one.o
 .debug_info      0x00c735       0x13c4 build/GameCat_XC24H/production/drivers/driver_universal_asynchronous_receiver_transmitter_two.o
 .debug_info      0x00daf9        0x8f1 build/GameCat_XC24H/production/drivers/driver_timer_five.o
 .debug_info      0x00e3ea        0x396 build/GameCat_XC24H/production/libraries/library_draw_font.o
 .debug_info      0x00e780        0x8f0 build/GameCat_XC24H/production/libraries/library_draw_primitives.o
 .debug_info      0x00f070        0x94f build/GameCat_XC24H/production/libraries/library_glcd_pcd8544.o
 .debug_info      0x00f9bf        0x7c9 build/GameCat_XC24H/production/libraries/library_joystick.o
 .debug_info      0x010188        0x4d7 build/GameCat_XC24H/production/libraries/library_storage_bitmaps.o
 .debug_info      0x01065f        0x18a build/GameCat_XC24H/production/libraries/library_storage_fonts.o
 .debug_info      0x0107e9        0x2bc build/GameCat_XC24H/production/libraries/library_management_pulses.o
 .debug_info      0x010aa5        0x14e build/GameCat_XC24H/production/main/dma_interruptions.o
 .debug_info      0x010bf3        0x774 build/GameCat_XC24H/production/main/main_configuration.o
 .debug_info      0x011367        0x234 build/GameCat_XC24H/production/main/main_function.o
 .debug_info      0x01159b        0x862 build/GameCat_XC24H/production/main/main_interruptions.o
 .debug_info      0x011dfd        0x459 build/GameCat_XC24H/production/main/traps_interruptions.o
 .debug_info      0x012256        0x1d4 build/GameCat_XC24H/production/sources/source_config_event_groups.o
 .debug_info      0x01242a        0x178 build/GameCat_XC24H/production/sources/source_config_mutex.o
 .debug_info      0x0125a2        0x1e6 build/GameCat_XC24H/production/sources/source_config_queues.o
 .debug_info      0x012788        0x1d8 build/GameCat_XC24H/production/sources/source_config_tasks.o
 .debug_info      0x012960        0x217 build/GameCat_XC24H/production/sources/source_config_timers.o
 .debug_info      0x012b77        0x439 build/GameCat_XC24H/production/system/list.o
 .debug_info      0x012fb0       0x1208 build/GameCat_XC24H/production/system/queue.o
 .debug_info      0x0141b8       0x1819 build/GameCat_XC24H/production/system/tasks.o
 .debug_info      0x0159d1        0xe2e build/GameCat_XC24H/production/system/timers.o
 .debug_info      0x0167ff        0x505 build/GameCat_XC24H/production/system/portable/MemMang/heap_4.o
 .debug_info      0x016d04        0xfa5 build/GameCat_XC24H/production/system/portable/PIC24_dsPIC/port.o
 .debug_info      0x017ca9         0x9d build/GameCat_XC24H/production/system/portable/PIC24_dsPIC/portasm_PIC24.o
 .debug_info      0x017d46        0x8ec build/GameCat_XC24H/production/system/event_groups.o
 .debug_info      0x018632        0x947 build/GameCat_XC24H/production/threads/thread_screen_menu.o
 .debug_info      0x018f79        0x405 build/GameCat_XC24H/production/threads/threads_timer_system.o
 *(.gnu.linkonce.wi.*)

.debug_abbrev     0x000000       0x2838
 *(.debug_abbrev)
 .debug_abbrev    0x000000        0x1ad build/GameCat_XC24H/production/controls/control_draw_menu.o
 .debug_abbrev    0x0001ad        0x153 build/GameCat_XC24H/production/controls/control_parameters_can.o
 .debug_abbrev    0x000300        0x13b build/GameCat_XC24H/production/controls/control_struct_menu_can.o
 .debug_abbrev    0x00043b         0x5b build/GameCat_XC24H/production/controls/control_parameters_system.o
 .debug_abbrev    0x000496        0x126 build/GameCat_XC24H/production/drivers/driver_analog_digital_converter.o
 .debug_abbrev    0x0005bc        0x1ac build/GameCat_XC24H/production/drivers/driver_controller_area_network.o
 .debug_abbrev    0x000768        0x107 build/GameCat_XC24H/production/drivers/driver_cyclic_redundancy_check.o
 .debug_abbrev    0x00086f         0xfa build/GameCat_XC24H/production/drivers/driver_direct_memory_access_one.o
 .debug_abbrev    0x000969         0xfa build/GameCat_XC24H/production/drivers/driver_direct_memory_access_zero.o
 .debug_abbrev    0x000a63        0x12a build/GameCat_XC24H/production/drivers/driver_output_compare_one.o
 .debug_abbrev    0x000b8d        0x122 build/GameCat_XC24H/production/drivers/driver_serial_peripheral_interface_one.o
 .debug_abbrev    0x000caf        0x111 build/GameCat_XC24H/production/drivers/driver_timer_two.o
 .debug_abbrev    0x000dc0        0x14d build/GameCat_XC24H/production/drivers/driver_universal_asynchronous_receiver_transmitter_one.o
 .debug_abbrev    0x000f0d        0x114 build/GameCat_XC24H/production/drivers/driver_universal_asynchronous_receiver_transmitter_two.o
 .debug_abbrev    0x001021         0xed build/GameCat_XC24H/production/drivers/driver_timer_five.o
 .debug_abbrev    0x00110e         0xc8 build/GameCat_XC24H/production/libraries/library_draw_font.o
 .debug_abbrev    0x0011d6         0xc4 build/GameCat_XC24H/production/libraries/library_draw_primitives.o
 .debug_abbrev    0x00129a         0xfc build/GameCat_XC24H/production/libraries/library_glcd_pcd8544.o
 .debug_abbrev    0x001396        0x14c build/GameCat_XC24H/production/libraries/library_joystick.o
 .debug_abbrev    0x0014e2         0x5f build/GameCat_XC24H/production/libraries/library_storage_bitmaps.o
 .debug_abbrev    0x001541         0x56 build/GameCat_XC24H/production/libraries/library_storage_fonts.o
 .debug_abbrev    0x001597         0x88 build/GameCat_XC24H/production/libraries/library_management_pulses.o
 .debug_abbrev    0x00161f         0x1f build/GameCat_XC24H/production/main/dma_interruptions.o
 .debug_abbrev    0x00163e         0xc5 build/GameCat_XC24H/production/main/main_configuration.o
 .debug_abbrev    0x001703         0x8a build/GameCat_XC24H/production/main/main_function.o
 .debug_abbrev    0x00178d        0x118 build/GameCat_XC24H/production/main/main_interruptions.o
 .debug_abbrev    0x0018a5         0xe9 build/GameCat_XC24H/production/main/traps_interruptions.o
 .debug_abbrev    0x00198e         0x75 build/GameCat_XC24H/production/sources/source_config_event_groups.o
 .debug_abbrev    0x001a03         0x34 build/GameCat_XC24H/production/sources/source_config_mutex.o
 .debug_abbrev    0x001a37         0x75 build/GameCat_XC24H/production/sources/source_config_queues.o
 .debug_abbrev    0x001aac         0x75 build/GameCat_XC24H/production/sources/source_config_tasks.o
 .debug_abbrev    0x001b21         0x75 build/GameCat_XC24H/production/sources/source_config_timers.o
 .debug_abbrev    0x001b96         0xe1 build/GameCat_XC24H/production/system/list.o
 .debug_abbrev    0x001c77        0x195 build/GameCat_XC24H/production/system/queue.o
 .debug_abbrev    0x001e0c        0x22c build/GameCat_XC24H/production/system/tasks.o
 .debug_abbrev    0x002038        0x1a3 build/GameCat_XC24H/production/system/timers.o
 .debug_abbrev    0x0021db        0x120 build/GameCat_XC24H/production/system/portable/MemMang/heap_4.o
 .debug_abbrev    0x0022fb        0x1e3 build/GameCat_XC24H/production/system/portable/PIC24_dsPIC/port.o
 .debug_abbrev    0x0024de         0x14 build/GameCat_XC24H/production/system/portable/PIC24_dsPIC/portasm_PIC24.o
 .debug_abbrev    0x0024f2        0x147 build/GameCat_XC24H/production/system/event_groups.o
 .debug_abbrev    0x002639        0x119 build/GameCat_XC24H/production/threads/thread_screen_menu.o
 .debug_abbrev    0x002752         0xe6 build/GameCat_XC24H/production/threads/threads_timer_system.o

.debug_line       0x000000       0x39b9
 *(.debug_line)
 .debug_line      0x000000        0x4b4 build/GameCat_XC24H/production/controls/control_draw_menu.o
 .debug_line      0x0004b4        0x12d build/GameCat_XC24H/production/controls/control_parameters_can.o
 .debug_line      0x0005e1         0xe2 build/GameCat_XC24H/production/controls/control_struct_menu_can.o
 .debug_line      0x0006c3         0xb1 build/GameCat_XC24H/production/controls/control_parameters_system.o
 .debug_line      0x000774        0x13d build/GameCat_XC24H/production/drivers/driver_analog_digital_converter.o
 .debug_line      0x0008b1        0x301 build/GameCat_XC24H/production/drivers/driver_controller_area_network.o
 .debug_line      0x000bb2        0x14c build/GameCat_XC24H/production/drivers/driver_cyclic_redundancy_check.o
 .debug_line      0x000cfe        0x12b build/GameCat_XC24H/production/drivers/driver_direct_memory_access_one.o
 .debug_line      0x000e29        0x12c build/GameCat_XC24H/production/drivers/driver_direct_memory_access_zero.o
 .debug_line      0x000f55        0x13d build/GameCat_XC24H/production/drivers/driver_output_compare_one.o
 .debug_line      0x001092        0x147 build/GameCat_XC24H/production/drivers/driver_serial_peripheral_interface_one.o
 .debug_line      0x0011d9        0x11f build/GameCat_XC24H/production/drivers/driver_timer_two.o
 .debug_line      0x0012f8        0x18e build/GameCat_XC24H/production/drivers/driver_universal_asynchronous_receiver_transmitter_one.o
 .debug_line      0x001486        0x18e build/GameCat_XC24H/production/drivers/driver_universal_asynchronous_receiver_transmitter_two.o
 .debug_line      0x001614        0x120 build/GameCat_XC24H/production/drivers/driver_timer_five.o
 .debug_line      0x001734        0x105 build/GameCat_XC24H/production/libraries/library_draw_font.o
 .debug_line      0x001839        0x1d7 build/GameCat_XC24H/production/libraries/library_draw_primitives.o
 .debug_line      0x001a10        0x15a build/GameCat_XC24H/production/libraries/library_glcd_pcd8544.o
 .debug_line      0x001b6a        0x175 build/GameCat_XC24H/production/libraries/library_joystick.o
 .debug_line      0x001cdf         0x89 build/GameCat_XC24H/production/libraries/library_storage_bitmaps.o
 .debug_line      0x001d68         0x87 build/GameCat_XC24H/production/libraries/library_storage_fonts.o
 .debug_line      0x001def         0xf3 build/GameCat_XC24H/production/libraries/library_management_pulses.o
 .debug_line      0x001ee2         0x1a build/GameCat_XC24H/production/main/dma_interruptions.o
 .debug_line      0x001efc        0x11f build/GameCat_XC24H/production/main/main_configuration.o
 .debug_line      0x00201b        0x182 build/GameCat_XC24H/production/main/main_function.o
 .debug_line      0x00219d        0x1b7 build/GameCat_XC24H/production/main/main_interruptions.o
 .debug_line      0x002354        0x122 build/GameCat_XC24H/production/main/traps_interruptions.o
 .debug_line      0x002476         0x94 build/GameCat_XC24H/production/sources/source_config_event_groups.o
 .debug_line      0x00250a         0x49 build/GameCat_XC24H/production/sources/source_config_mutex.o
 .debug_line      0x002553         0xfa build/GameCat_XC24H/production/sources/source_config_queues.o
 .debug_line      0x00264d         0xb0 build/GameCat_XC24H/production/sources/source_config_tasks.o
 .debug_line      0x0026fd         0xfc build/GameCat_XC24H/production/sources/source_config_timers.o
 .debug_line      0x0027f9         0xf5 build/GameCat_XC24H/production/system/list.o
 .debug_line      0x0028ee        0x31e build/GameCat_XC24H/production/system/queue.o
 .debug_line      0x002c0c        0x3de build/GameCat_XC24H/production/system/tasks.o
 .debug_line      0x002fea        0x1f6 build/GameCat_XC24H/production/system/timers.o
 .debug_line      0x0031e0        0x108 build/GameCat_XC24H/production/system/portable/MemMang/heap_4.o
 .debug_line      0x0032e8        0x198 build/GameCat_XC24H/production/system/portable/PIC24_dsPIC/port.o
 .debug_line      0x003480         0x7e build/GameCat_XC24H/production/system/portable/PIC24_dsPIC/portasm_PIC24.o
 .debug_line      0x0034fe        0x18f build/GameCat_XC24H/production/system/event_groups.o
 .debug_line      0x00368d        0x1e7 build/GameCat_XC24H/production/threads/thread_screen_menu.o
 .debug_line      0x003874        0x145 build/GameCat_XC24H/production/threads/threads_timer_system.o

.debug_frame      0x000000       0x1a8e
 *(.debug_frame)
 .debug_frame     0x000000         0xbc build/GameCat_XC24H/production/controls/control_draw_menu.o
 .debug_frame     0x0000bc         0xb0 build/GameCat_XC24H/production/controls/control_parameters_can.o
 .debug_frame     0x00016c         0x96 build/GameCat_XC24H/production/drivers/driver_analog_digital_converter.o
 .debug_frame     0x000202        0x118 build/GameCat_XC24H/production/drivers/driver_controller_area_network.o
 .debug_frame     0x00031a         0x7c build/GameCat_XC24H/production/drivers/driver_cyclic_redundancy_check.o
 .debug_frame     0x000396         0x2e build/GameCat_XC24H/production/drivers/driver_direct_memory_access_one.o
 .debug_frame     0x0003c4         0x2e build/GameCat_XC24H/production/drivers/driver_direct_memory_access_zero.o
 .debug_frame     0x0003f2         0x96 build/GameCat_XC24H/production/drivers/driver_output_compare_one.o
 .debug_frame     0x000488         0x48 build/GameCat_XC24H/production/drivers/driver_serial_peripheral_interface_one.o
 .debug_frame     0x0004d0         0x62 build/GameCat_XC24H/production/drivers/driver_timer_two.o
 .debug_frame     0x000532         0xca build/GameCat_XC24H/production/drivers/driver_universal_asynchronous_receiver_transmitter_one.o
 .debug_frame     0x0005fc         0xca build/GameCat_XC24H/production/drivers/driver_universal_asynchronous_receiver_transmitter_two.o
 .debug_frame     0x0006c6         0x62 build/GameCat_XC24H/production/drivers/driver_timer_five.o
 .debug_frame     0x000728         0x7c build/GameCat_XC24H/production/libraries/library_draw_font.o
 .debug_frame     0x0007a4        0x14c build/GameCat_XC24H/production/libraries/library_draw_primitives.o
 .debug_frame     0x0008f0        0x14c build/GameCat_XC24H/production/libraries/library_glcd_pcd8544.o
 .debug_frame     0x000a3c         0x96 build/GameCat_XC24H/production/libraries/library_joystick.o
 .debug_frame     0x000ad2         0x48 build/GameCat_XC24H/production/libraries/library_management_pulses.o
 .debug_frame     0x000b1a         0x2e build/GameCat_XC24H/production/main/main_configuration.o
 .debug_frame     0x000b48         0x3c build/GameCat_XC24H/production/main/main_function.o
 .debug_frame     0x000b84         0x92 build/GameCat_XC24H/production/main/main_interruptions.o
 .debug_frame     0x000c16         0xa8 build/GameCat_XC24H/production/main/traps_interruptions.o
 .debug_frame     0x000cbe         0x2e build/GameCat_XC24H/production/sources/source_config_event_groups.o
 .debug_frame     0x000cec         0x2e build/GameCat_XC24H/production/sources/source_config_mutex.o
 .debug_frame     0x000d1a         0x2e build/GameCat_XC24H/production/sources/source_config_queues.o
 .debug_frame     0x000d48         0x2e build/GameCat_XC24H/production/sources/source_config_tasks.o
 .debug_frame     0x000d76         0x2e build/GameCat_XC24H/production/sources/source_config_timers.o
 .debug_frame     0x000da4         0x96 build/GameCat_XC24H/production/system/list.o
 .debug_frame     0x000e3a        0x2b8 build/GameCat_XC24H/production/system/queue.o
 .debug_frame     0x0010f2        0x432 build/GameCat_XC24H/production/system/tasks.o
 .debug_frame     0x001524        0x236 build/GameCat_XC24H/production/system/timers.o
 .debug_frame     0x00175a         0xca build/GameCat_XC24H/production/system/portable/MemMang/heap_4.o
 .debug_frame     0x001824         0xf6 build/GameCat_XC24H/production/system/portable/PIC24_dsPIC/port.o
 .debug_frame     0x00191a        0x118 build/GameCat_XC24H/production/system/event_groups.o
 .debug_frame     0x001a32         0x2e build/GameCat_XC24H/production/threads/thread_screen_menu.o
 .debug_frame     0x001a60         0x2e build/GameCat_XC24H/production/threads/threads_timer_system.o

.debug_str        0x000000        0xfba
 *(.debug_str)
 .debug_str       0x000000        0x10f build/GameCat_XC24H/production/controls/control_draw_menu.o
 .debug_str       0x00010f         0x64 build/GameCat_XC24H/production/controls/control_parameters_can.o
 .debug_str       0x000173        0x272 build/GameCat_XC24H/production/controls/control_struct_menu_can.o
 .debug_str       0x0003e5         0x56 build/GameCat_XC24H/production/drivers/driver_analog_digital_converter.o
 .debug_str       0x00043b        0x264 build/GameCat_XC24H/production/drivers/driver_controller_area_network.o
 .debug_str       0x00069f         0x44 build/GameCat_XC24H/production/drivers/driver_cyclic_redundancy_check.o
 .debug_str       0x0006e3         0x1b build/GameCat_XC24H/production/drivers/driver_direct_memory_access_one.o
 .debug_str       0x0006fe         0x1b build/GameCat_XC24H/production/drivers/driver_direct_memory_access_zero.o
 .debug_str       0x000719         0x44 build/GameCat_XC24H/production/drivers/driver_output_compare_one.o
 .debug_str       0x00075d         0x6d build/GameCat_XC24H/production/drivers/driver_serial_peripheral_interface_one.o
 .debug_str       0x0007ca         0x24 build/GameCat_XC24H/production/drivers/driver_timer_two.o
 .debug_str       0x0007ee         0x99 build/GameCat_XC24H/production/drivers/driver_universal_asynchronous_receiver_transmitter_one.o
 .debug_str       0x000887         0x6c build/GameCat_XC24H/production/drivers/driver_universal_asynchronous_receiver_transmitter_two.o
 .debug_str       0x0008f3         0x24 build/GameCat_XC24H/production/drivers/driver_timer_five.o
 .debug_str       0x000917          0xd build/GameCat_XC24H/production/libraries/library_draw_font.o
 .debug_str       0x000924          0x6 build/GameCat_XC24H/production/libraries/library_draw_primitives.o
 .debug_str       0x00092a         0x32 build/GameCat_XC24H/production/libraries/library_glcd_pcd8544.o
 .debug_str       0x00095c         0x39 build/GameCat_XC24H/production/libraries/library_joystick.o
 .debug_str       0x000995         0x28 build/GameCat_XC24H/production/main/main_configuration.o
 .debug_str       0x0009bd         0x1b build/GameCat_XC24H/production/main/main_function.o
 .debug_str       0x0009d8         0x3f build/GameCat_XC24H/production/main/main_interruptions.o
 .debug_str       0x000a17         0x17 build/GameCat_XC24H/production/main/traps_interruptions.o
 .debug_str       0x000a2e         0x1b build/GameCat_XC24H/production/sources/source_config_event_groups.o
 .debug_str       0x000a49         0x15 build/GameCat_XC24H/production/sources/source_config_queues.o
 .debug_str       0x000a5e         0x11 build/GameCat_XC24H/production/sources/source_config_tasks.o
 .debug_str       0x000a6f         0x2a build/GameCat_XC24H/production/sources/source_config_timers.o
 .debug_str       0x000a99         0x2b build/GameCat_XC24H/production/system/list.o
 .debug_str       0x000ac4        0x133 build/GameCat_XC24H/production/system/queue.o
 .debug_str       0x000bf7         0xe4 build/GameCat_XC24H/production/system/tasks.o
 .debug_str       0x000cdb         0xd2 build/GameCat_XC24H/production/system/timers.o
 .debug_str       0x000dad         0x5c build/GameCat_XC24H/production/system/portable/PIC24_dsPIC/port.o
 .debug_str       0x000e09         0xe6 build/GameCat_XC24H/production/system/event_groups.o
 .debug_str       0x000eef         0xb6 build/GameCat_XC24H/production/threads/thread_screen_menu.o
 .debug_str       0x000fa5         0x15 build/GameCat_XC24H/production/threads/threads_timer_system.o

.debug_loc
 *(.debug_loc)

.debug_macinfo
 *(.debug_macinfo)

.debug_pubnames
                  0x000000       0x19c4
 *(.debug_pubnames)
 .debug_pubnames
                  0x000000         0x96 build/GameCat_XC24H/production/controls/control_draw_menu.o
 .debug_pubnames
                  0x000096        0x112 build/GameCat_XC24H/production/controls/control_parameters_can.o
 .debug_pubnames
                  0x0001a8        0x16a build/GameCat_XC24H/production/controls/control_struct_menu_can.o
 .debug_pubnames
                  0x000312         0x26 build/GameCat_XC24H/production/controls/control_parameters_system.o
 .debug_pubnames
                  0x000338         0x8b build/GameCat_XC24H/production/drivers/driver_analog_digital_converter.o
 .debug_pubnames
                  0x0003c3        0x151 build/GameCat_XC24H/production/drivers/driver_controller_area_network.o
 .debug_pubnames
                  0x000514         0x78 build/GameCat_XC24H/production/drivers/driver_cyclic_redundancy_check.o
 .debug_pubnames
                  0x00058c         0x2d build/GameCat_XC24H/production/drivers/driver_direct_memory_access_one.o
 .debug_pubnames
                  0x0005b9         0x2e build/GameCat_XC24H/production/drivers/driver_direct_memory_access_zero.o
 .debug_pubnames
                  0x0005e7         0xca build/GameCat_XC24H/production/drivers/driver_output_compare_one.o
 .debug_pubnames
                  0x0006b1         0x48 build/GameCat_XC24H/production/drivers/driver_serial_peripheral_interface_one.o
 .debug_pubnames
                  0x0006f9         0x4e build/GameCat_XC24H/production/drivers/driver_timer_two.o
 .debug_pubnames
                  0x000747         0x94 build/GameCat_XC24H/production/drivers/driver_universal_asynchronous_receiver_transmitter_one.o
 .debug_pubnames
                  0x0007db         0x94 build/GameCat_XC24H/production/drivers/driver_universal_asynchronous_receiver_transmitter_two.o
 .debug_pubnames
                  0x00086f         0x4e build/GameCat_XC24H/production/drivers/driver_timer_five.o
 .debug_pubnames
                  0x0008bd         0x6e build/GameCat_XC24H/production/libraries/library_draw_font.o
 .debug_pubnames
                  0x00092b        0x114 build/GameCat_XC24H/production/libraries/library_draw_primitives.o
 .debug_pubnames
                  0x000a3f         0xf4 build/GameCat_XC24H/production/libraries/library_glcd_pcd8544.o
 .debug_pubnames
                  0x000b33         0xb8 build/GameCat_XC24H/production/libraries/library_joystick.o
 .debug_pubnames
                  0x000beb        0x1e2 build/GameCat_XC24H/production/libraries/library_storage_bitmaps.o
 .debug_pubnames
                  0x000dcd         0x1f build/GameCat_XC24H/production/libraries/library_storage_fonts.o
 .debug_pubnames
                  0x000dec         0x3c build/GameCat_XC24H/production/libraries/library_management_pulses.o
 .debug_pubnames
                  0x000e28         0x2d build/GameCat_XC24H/production/main/main_configuration.o
 .debug_pubnames
                  0x000e55         0x1b build/GameCat_XC24H/production/main/main_function.o
 .debug_pubnames
                  0x000e70         0x49 build/GameCat_XC24H/production/main/main_interruptions.o
 .debug_pubnames
                  0x000eb9         0x66 build/GameCat_XC24H/production/main/traps_interruptions.o
 .debug_pubnames
                  0x000f1f         0x4f build/GameCat_XC24H/production/sources/source_config_event_groups.o
 .debug_pubnames
                  0x000f6e         0x2c build/GameCat_XC24H/production/sources/source_config_mutex.o
 .debug_pubnames
                  0x000f9a         0x44 build/GameCat_XC24H/production/sources/source_config_queues.o
 .debug_pubnames
                  0x000fde         0x3f build/GameCat_XC24H/production/sources/source_config_tasks.o
 .debug_pubnames
                  0x00101d         0x5d build/GameCat_XC24H/production/sources/source_config_timers.o
 .debug_pubnames
                  0x00107a         0x72 build/GameCat_XC24H/production/system/list.o
 .debug_pubnames
                  0x0010ec        0x1cf build/GameCat_XC24H/production/system/queue.o
 .debug_pubnames
                  0x0012bb        0x34e build/GameCat_XC24H/production/system/tasks.o
 .debug_pubnames
                  0x001609        0x113 build/GameCat_XC24H/production/system/timers.o
 .debug_pubnames
                  0x00171c         0x88 build/GameCat_XC24H/production/system/portable/MemMang/heap_4.o
 .debug_pubnames
                  0x0017a4         0xd6 build/GameCat_XC24H/production/system/portable/PIC24_dsPIC/port.o
 .debug_pubnames
                  0x00187a         0xf8 build/GameCat_XC24H/production/system/event_groups.o
 .debug_pubnames
                  0x001972         0x29 build/GameCat_XC24H/production/threads/thread_screen_menu.o
 .debug_pubnames
                  0x00199b         0x29 build/GameCat_XC24H/production/threads/threads_timer_system.o

.debug_ranges
 *(.debug_ranges)

.debug_aranges    0x000000        0x378
 *(.debug_aranges)
 .debug_aranges
                  0x000000         0x18 build/GameCat_XC24H/production/controls/control_draw_menu.o
 .debug_aranges
                  0x000018         0x18 build/GameCat_XC24H/production/controls/control_parameters_can.o
 .debug_aranges
                  0x000030         0x18 build/GameCat_XC24H/production/drivers/driver_analog_digital_converter.o
 .debug_aranges
                  0x000048         0x18 build/GameCat_XC24H/production/drivers/driver_controller_area_network.o
 .debug_aranges
                  0x000060         0x18 build/GameCat_XC24H/production/drivers/driver_cyclic_redundancy_check.o
 .debug_aranges
                  0x000078         0x18 build/GameCat_XC24H/production/drivers/driver_direct_memory_access_one.o
 .debug_aranges
                  0x000090         0x18 build/GameCat_XC24H/production/drivers/driver_direct_memory_access_zero.o
 .debug_aranges
                  0x0000a8         0x18 build/GameCat_XC24H/production/drivers/driver_output_compare_one.o
 .debug_aranges
                  0x0000c0         0x18 build/GameCat_XC24H/production/drivers/driver_serial_peripheral_interface_one.o
 .debug_aranges
                  0x0000d8         0x18 build/GameCat_XC24H/production/drivers/driver_timer_two.o
 .debug_aranges
                  0x0000f0         0x18 build/GameCat_XC24H/production/drivers/driver_universal_asynchronous_receiver_transmitter_one.o
 .debug_aranges
                  0x000108         0x18 build/GameCat_XC24H/production/drivers/driver_universal_asynchronous_receiver_transmitter_two.o
 .debug_aranges
                  0x000120         0x18 build/GameCat_XC24H/production/drivers/driver_timer_five.o
 .debug_aranges
                  0x000138         0x18 build/GameCat_XC24H/production/libraries/library_draw_font.o
 .debug_aranges
                  0x000150         0x18 build/GameCat_XC24H/production/libraries/library_draw_primitives.o
 .debug_aranges
                  0x000168         0x18 build/GameCat_XC24H/production/libraries/library_glcd_pcd8544.o
 .debug_aranges
                  0x000180         0x18 build/GameCat_XC24H/production/libraries/library_joystick.o
 .debug_aranges
                  0x000198         0x18 build/GameCat_XC24H/production/libraries/library_management_pulses.o
 .debug_aranges
                  0x0001b0         0x18 build/GameCat_XC24H/production/main/main_configuration.o
 .debug_aranges
                  0x0001c8         0x18 build/GameCat_XC24H/production/main/main_function.o
 .debug_aranges
                  0x0001e0         0x18 build/GameCat_XC24H/production/main/main_interruptions.o
 .debug_aranges
                  0x0001f8         0x18 build/GameCat_XC24H/production/main/traps_interruptions.o
 .debug_aranges
                  0x000210         0x18 build/GameCat_XC24H/production/sources/source_config_event_groups.o
 .debug_aranges
                  0x000228         0x18 build/GameCat_XC24H/production/sources/source_config_mutex.o
 .debug_aranges
                  0x000240         0x18 build/GameCat_XC24H/production/sources/source_config_queues.o
 .debug_aranges
                  0x000258         0x18 build/GameCat_XC24H/production/sources/source_config_tasks.o
 .debug_aranges
                  0x000270         0x18 build/GameCat_XC24H/production/sources/source_config_timers.o
 .debug_aranges
                  0x000288         0x18 build/GameCat_XC24H/production/system/list.o
 .debug_aranges
                  0x0002a0         0x18 build/GameCat_XC24H/production/system/queue.o
 .debug_aranges
                  0x0002b8         0x18 build/GameCat_XC24H/production/system/tasks.o
 .debug_aranges
                  0x0002d0         0x18 build/GameCat_XC24H/production/system/timers.o
 .debug_aranges
                  0x0002e8         0x18 build/GameCat_XC24H/production/system/portable/MemMang/heap_4.o
 .debug_aranges
                  0x000300         0x18 build/GameCat_XC24H/production/system/portable/PIC24_dsPIC/port.o
 .debug_aranges
                  0x000318         0x18 build/GameCat_XC24H/production/system/portable/PIC24_dsPIC/portasm_PIC24.o
 .debug_aranges
                  0x000330         0x18 build/GameCat_XC24H/production/system/event_groups.o
 .debug_aranges
                  0x000348         0x18 build/GameCat_XC24H/production/threads/thread_screen_menu.o
 .debug_aranges
                  0x000360         0x18 build/GameCat_XC24H/production/threads/threads_timer_system.o
                    0x0000                  WREG0 = 0x0
                    0x0000                  _WREG0 = 0x0
                    0x0002                  WREG1 = 0x2
                    0x0002                  _WREG1 = 0x2
                    0x0004                  WREG2 = 0x4
                    0x0004                  _WREG2 = 0x4
                    0x0006                  WREG3 = 0x6
                    0x0006                  _WREG3 = 0x6
                    0x0008                  WREG4 = 0x8
                    0x0008                  _WREG4 = 0x8
                    0x000a                  WREG5 = 0xa
                    0x000a                  _WREG5 = 0xa
                    0x000c                  WREG6 = 0xc
                    0x000c                  _WREG6 = 0xc
                    0x000e                  WREG7 = 0xe
                    0x000e                  _WREG7 = 0xe
                    0x0010                  WREG8 = 0x10
                    0x0010                  _WREG8 = 0x10
                    0x0012                  WREG9 = 0x12
                    0x0012                  _WREG9 = 0x12
                    0x0014                  WREG10 = 0x14
                    0x0014                  _WREG10 = 0x14
                    0x0016                  WREG11 = 0x16
                    0x0016                  _WREG11 = 0x16
                    0x0018                  WREG12 = 0x18
                    0x0018                  _WREG12 = 0x18
                    0x001a                  WREG13 = 0x1a
                    0x001a                  _WREG13 = 0x1a
                    0x001c                  WREG14 = 0x1c
                    0x001c                  _WREG14 = 0x1c
                    0x001e                  WREG15 = 0x1e
                    0x001e                  _WREG15 = 0x1e
                    0x0020                  SPLIM = 0x20
                    0x0020                  _SPLIM = 0x20
                    0x002e                  PCL = 0x2e
                    0x002e                  _PCL = 0x2e
                    0x0030                  PCH = 0x30
                    0x0030                  _PCH = 0x30
                    0x0032                  TBLPAG = 0x32
                    0x0032                  _TBLPAG = 0x32
                    0x0034                  PSVPAG = 0x34
                    0x0034                  _PSVPAG = 0x34
                    0x0036                  RCOUNT = 0x36
                    0x0036                  _RCOUNT = 0x36
                    0x0042                  SR = 0x42
                    0x0042                  _SR = 0x42
                    0x0042                  _SRbits = 0x42
                    0x0044                  CORCON = 0x44
                    0x0044                  _CORCON = 0x44
                    0x0044                  _CORCONbits = 0x44
                    0x0052                  DISICNT = 0x52
                    0x0052                  _DISICNT = 0x52
                    0x0060                  CNEN1 = 0x60
                    0x0060                  _CNEN1 = 0x60
                    0x0060                  _CNEN1bits = 0x60
                    0x0062                  CNEN2 = 0x62
                    0x0062                  _CNEN2 = 0x62
                    0x0062                  _CNEN2bits = 0x62
                    0x0068                  CNPU1 = 0x68
                    0x0068                  _CNPU1 = 0x68
                    0x0068                  _CNPU1bits = 0x68
                    0x006a                  CNPU2 = 0x6a
                    0x006a                  _CNPU2 = 0x6a
                    0x006a                  _CNPU2bits = 0x6a
                    0x0080                  INTCON1 = 0x80
                    0x0080                  _INTCON1 = 0x80
                    0x0080                  _INTCON1bits = 0x80
                    0x0082                  INTCON2 = 0x82
                    0x0082                  _INTCON2 = 0x82
                    0x0082                  _INTCON2bits = 0x82
                    0x0084                  IFS0 = 0x84
                    0x0084                  _IFS0 = 0x84
                    0x0084                  _IFS0bits = 0x84
                    0x0086                  IFS1 = 0x86
                    0x0086                  _IFS1 = 0x86
                    0x0086                  _IFS1bits = 0x86
                    0x0088                  IFS2 = 0x88
                    0x0088                  _IFS2 = 0x88
                    0x0088                  _IFS2bits = 0x88
                    0x008a                  IFS3 = 0x8a
                    0x008a                  _IFS3 = 0x8a
                    0x008a                  _IFS3bits = 0x8a
                    0x008c                  IFS4 = 0x8c
                    0x008c                  _IFS4 = 0x8c
                    0x008c                  _IFS4bits = 0x8c
                    0x0094                  IEC0 = 0x94
                    0x0094                  _IEC0 = 0x94
                    0x0094                  _IEC0bits = 0x94
                    0x0096                  IEC1 = 0x96
                    0x0096                  _IEC1 = 0x96
                    0x0096                  _IEC1bits = 0x96
                    0x0098                  IEC2 = 0x98
                    0x0098                  _IEC2 = 0x98
                    0x0098                  _IEC2bits = 0x98
                    0x009a                  IEC3 = 0x9a
                    0x009a                  _IEC3 = 0x9a
                    0x009a                  _IEC3bits = 0x9a
                    0x009c                  IEC4 = 0x9c
                    0x009c                  _IEC4 = 0x9c
                    0x009c                  _IEC4bits = 0x9c
                    0x00a4                  IPC0 = 0xa4
                    0x00a4                  _IPC0 = 0xa4
                    0x00a4                  _IPC0bits = 0xa4
                    0x00a6                  IPC1 = 0xa6
                    0x00a6                  _IPC1 = 0xa6
                    0x00a6                  _IPC1bits = 0xa6
                    0x00a8                  IPC2 = 0xa8
                    0x00a8                  _IPC2 = 0xa8
                    0x00a8                  _IPC2bits = 0xa8
                    0x00aa                  IPC3 = 0xaa
                    0x00aa                  _IPC3 = 0xaa
                    0x00aa                  _IPC3bits = 0xaa
                    0x00ac                  IPC4 = 0xac
                    0x00ac                  _IPC4 = 0xac
                    0x00ac                  _IPC4bits = 0xac
                    0x00ae                  IPC5 = 0xae
                    0x00ae                  _IPC5 = 0xae
                    0x00ae                  _IPC5bits = 0xae
                    0x00b0                  IPC6 = 0xb0
                    0x00b0                  _IPC6 = 0xb0
                    0x00b0                  _IPC6bits = 0xb0
                    0x00b2                  IPC7 = 0xb2
                    0x00b2                  _IPC7 = 0xb2
                    0x00b2                  _IPC7bits = 0xb2
                    0x00b4                  IPC8 = 0xb4
                    0x00b4                  _IPC8 = 0xb4
                    0x00b4                  _IPC8bits = 0xb4
                    0x00b6                  IPC9 = 0xb6
                    0x00b6                  _IPC9 = 0xb6
                    0x00b6                  _IPC9bits = 0xb6
                    0x00ba                  IPC11 = 0xba
                    0x00ba                  _IPC11 = 0xba
                    0x00ba                  _IPC11bits = 0xba
                    0x00c2                  IPC15 = 0xc2
                    0x00c2                  _IPC15 = 0xc2
                    0x00c2                  _IPC15bits = 0xc2
                    0x00c4                  IPC16 = 0xc4
                    0x00c4                  _IPC16 = 0xc4
                    0x00c4                  _IPC16bits = 0xc4
                    0x00c6                  IPC17 = 0xc6
                    0x00c6                  _IPC17 = 0xc6
                    0x00c6                  _IPC17bits = 0xc6
                    0x00e0                  INTTREG = 0xe0
                    0x00e0                  _INTTREG = 0xe0
                    0x00e0                  _INTTREGbits = 0xe0
                    0x0100                  TMR1 = 0x100
                    0x0100                  _TMR1 = 0x100
                    0x0102                  PR1 = 0x102
                    0x0102                  _PR1 = 0x102
                    0x0104                  T1CON = 0x104
                    0x0104                  _T1CON = 0x104
                    0x0104                  _T1CONbits = 0x104
                    0x0106                  TMR2 = 0x106
                    0x0106                  _TMR2 = 0x106
                    0x0108                  TMR3HLD = 0x108
                    0x0108                  _TMR3HLD = 0x108
                    0x010a                  TMR3 = 0x10a
                    0x010a                  _TMR3 = 0x10a
                    0x010c                  PR2 = 0x10c
                    0x010c                  _PR2 = 0x10c
                    0x010e                  PR3 = 0x10e
                    0x010e                  _PR3 = 0x10e
                    0x0110                  T2CON = 0x110
                    0x0110                  _T2CON = 0x110
                    0x0110                  _T2CONbits = 0x110
                    0x0112                  T3CON = 0x112
                    0x0112                  _T3CON = 0x112
                    0x0112                  _T3CONbits = 0x112
                    0x0114                  TMR4 = 0x114
                    0x0114                  _TMR4 = 0x114
                    0x0116                  TMR5HLD = 0x116
                    0x0116                  _TMR5HLD = 0x116
                    0x0118                  TMR5 = 0x118
                    0x0118                  _TMR5 = 0x118
                    0x011a                  PR4 = 0x11a
                    0x011a                  _PR4 = 0x11a
                    0x011c                  PR5 = 0x11c
                    0x011c                  _PR5 = 0x11c
                    0x011e                  T4CON = 0x11e
                    0x011e                  _T4CON = 0x11e
                    0x011e                  _T4CONbits = 0x11e
                    0x0120                  T5CON = 0x120
                    0x0120                  _T5CON = 0x120
                    0x0120                  _T5CONbits = 0x120
                    0x0140                  IC1BUF = 0x140
                    0x0140                  _IC1BUF = 0x140
                    0x0142                  IC1CON = 0x142
                    0x0142                  _IC1CON = 0x142
                    0x0142                  _IC1CONbits = 0x142
                    0x0144                  IC2BUF = 0x144
                    0x0144                  _IC2BUF = 0x144
                    0x0146                  IC2CON = 0x146
                    0x0146                  _IC2CON = 0x146
                    0x0146                  _IC2CONbits = 0x146
                    0x0158                  IC7BUF = 0x158
                    0x0158                  _IC7BUF = 0x158
                    0x015a                  IC7CON = 0x15a
                    0x015a                  _IC7CON = 0x15a
                    0x015a                  _IC7CONbits = 0x15a
                    0x015c                  IC8BUF = 0x15c
                    0x015c                  _IC8BUF = 0x15c
                    0x015e                  IC8CON = 0x15e
                    0x015e                  _IC8CON = 0x15e
                    0x015e                  _IC8CONbits = 0x15e
                    0x0180                  OC1RS = 0x180
                    0x0180                  _OC1RS = 0x180
                    0x0182                  OC1R = 0x182
                    0x0182                  _OC1R = 0x182
                    0x0184                  OC1CON = 0x184
                    0x0184                  _OC1CON = 0x184
                    0x0184                  _OC1CONbits = 0x184
                    0x0186                  OC2RS = 0x186
                    0x0186                  _OC2RS = 0x186
                    0x0188                  OC2R = 0x188
                    0x0188                  _OC2R = 0x188
                    0x018a                  OC2CON = 0x18a
                    0x018a                  _OC2CON = 0x18a
                    0x018a                  _OC2CONbits = 0x18a
                    0x018c                  OC3RS = 0x18c
                    0x018c                  _OC3RS = 0x18c
                    0x018e                  OC3R = 0x18e
                    0x018e                  _OC3R = 0x18e
                    0x0190                  OC3CON = 0x190
                    0x0190                  _OC3CON = 0x190
                    0x0190                  _OC3CONbits = 0x190
                    0x0192                  OC4RS = 0x192
                    0x0192                  _OC4RS = 0x192
                    0x0194                  OC4R = 0x194
                    0x0194                  _OC4R = 0x194
                    0x0196                  OC4CON = 0x196
                    0x0196                  _OC4CON = 0x196
                    0x0196                  _OC4CONbits = 0x196
                    0x0200                  I2C1RCV = 0x200
                    0x0200                  _I2C1RCV = 0x200
                    0x0200                  I2CRCV = 0x200
                    0x0200                  _I2CRCV = 0x200
                    0x0202                  I2C1TRN = 0x202
                    0x0202                  _I2C1TRN = 0x202
                    0x0202                  I2CTRN = 0x202
                    0x0202                  _I2CTRN = 0x202
                    0x0204                  I2C1BRG = 0x204
                    0x0204                  _I2C1BRG = 0x204
                    0x0206                  I2C1CON = 0x206
                    0x0206                  _I2C1CON = 0x206
                    0x0206                  _I2C1CONbits = 0x206
                    0x0206                  I2CCON = 0x206
                    0x0206                  _I2CCON = 0x206
                    0x0206                  _I2CCONbits = 0x206
                    0x0208                  I2C1STAT = 0x208
                    0x0208                  _I2C1STAT = 0x208
                    0x0208                  _I2C1STATbits = 0x208
                    0x0208                  I2CSTAT = 0x208
                    0x0208                  _I2CSTAT = 0x208
                    0x0208                  _I2CSTATbits = 0x208
                    0x020a                  I2C1ADD = 0x20a
                    0x020a                  _I2C1ADD = 0x20a
                    0x020a                  I2CADD = 0x20a
                    0x020a                  _I2CADD = 0x20a
                    0x020c                  I2C1MSK = 0x20c
                    0x020c                  _I2C1MSK = 0x20c
                    0x0220                  U1MODE = 0x220
                    0x0220                  _U1MODE = 0x220
                    0x0220                  _U1MODEbits = 0x220
                    0x0222                  U1STA = 0x222
                    0x0222                  _U1STA = 0x222
                    0x0222                  _U1STAbits = 0x222
                    0x0224                  U1TXREG = 0x224
                    0x0224                  _U1TXREG = 0x224
                    0x0224                  _U1TXREGbits = 0x224
                    0x0226                  U1RXREG = 0x226
                    0x0226                  _U1RXREG = 0x226
                    0x0226                  _U1RXREGbits = 0x226
                    0x0228                  U1BRG = 0x228
                    0x0228                  _U1BRG = 0x228
                    0x0230                  U2MODE = 0x230
                    0x0230                  _U2MODE = 0x230
                    0x0230                  _U2MODEbits = 0x230
                    0x0232                  U2STA = 0x232
                    0x0232                  _U2STA = 0x232
                    0x0232                  _U2STAbits = 0x232
                    0x0234                  U2TXREG = 0x234
                    0x0234                  _U2TXREG = 0x234
                    0x0234                  _U2TXREGbits = 0x234
                    0x0236                  U2RXREG = 0x236
                    0x0236                  _U2RXREG = 0x236
                    0x0236                  _U2RXREGbits = 0x236
                    0x0238                  U2BRG = 0x238
                    0x0238                  _U2BRG = 0x238
                    0x0240                  SPI1STAT = 0x240
                    0x0240                  _SPI1STAT = 0x240
                    0x0240                  _SPI1STATbits = 0x240
                    0x0242                  SPI1CON1 = 0x242
                    0x0242                  _SPI1CON1 = 0x242
                    0x0242                  _SPI1CON1bits = 0x242
                    0x0244                  SPI1CON2 = 0x244
                    0x0244                  _SPI1CON2 = 0x244
                    0x0244                  _SPI1CON2bits = 0x244
                    0x0248                  SPI1BUF = 0x248
                    0x0248                  _SPI1BUF = 0x248
                    0x0260                  SPI2STAT = 0x260
                    0x0260                  _SPI2STAT = 0x260
                    0x0260                  _SPI2STATbits = 0x260
                    0x0262                  SPI2CON1 = 0x262
                    0x0262                  _SPI2CON1 = 0x262
                    0x0262                  _SPI2CON1bits = 0x262
                    0x0264                  SPI2CON2 = 0x264
                    0x0264                  _SPI2CON2 = 0x264
                    0x0264                  _SPI2CON2bits = 0x264
                    0x0268                  SPI2BUF = 0x268
                    0x0268                  _SPI2BUF = 0x268
                    0x02c0                  TRISA = 0x2c0
                    0x02c0                  _TRISA = 0x2c0
                    0x02c0                  _TRISAbits = 0x2c0
                    0x02c2                  PORTA = 0x2c2
                    0x02c2                  _PORTA = 0x2c2
                    0x02c2                  _PORTAbits = 0x2c2
                    0x02c4                  LATA = 0x2c4
                    0x02c4                  _LATA = 0x2c4
                    0x02c4                  _LATAbits = 0x2c4
                    0x02c6                  ODCA = 0x2c6
                    0x02c6                  _ODCA = 0x2c6
                    0x02c6                  _ODCAbits = 0x2c6
                    0x02c8                  TRISB = 0x2c8
                    0x02c8                  _TRISB = 0x2c8
                    0x02c8                  _TRISBbits = 0x2c8
                    0x02ca                  PORTB = 0x2ca
                    0x02ca                  _PORTB = 0x2ca
                    0x02ca                  _PORTBbits = 0x2ca
                    0x02cc                  LATB = 0x2cc
                    0x02cc                  _LATB = 0x2cc
                    0x02cc                  _LATBbits = 0x2cc
                    0x02ce                  ODCB = 0x2ce
                    0x02ce                  _ODCB = 0x2ce
                    0x02ce                  _ODCBbits = 0x2ce
                    0x02d0                  TRISC = 0x2d0
                    0x02d0                  _TRISC = 0x2d0
                    0x02d0                  _TRISCbits = 0x2d0
                    0x02d2                  PORTC = 0x2d2
                    0x02d2                  _PORTC = 0x2d2
                    0x02d2                  _PORTCbits = 0x2d2
                    0x02d4                  LATC = 0x2d4
                    0x02d4                  _LATC = 0x2d4
                    0x02d4                  _LATCbits = 0x2d4
                    0x02d6                  ODCC = 0x2d6
                    0x02d6                  _ODCC = 0x2d6
                    0x02d6                  _ODCCbits = 0x2d6
                    0x02fc                  PADCFG1 = 0x2fc
                    0x02fc                  _PADCFG1 = 0x2fc
                    0x02fc                  _PADCFG1bits = 0x2fc
                    0x0300                  ADC1BUF0 = 0x300
                    0x0300                  _ADC1BUF0 = 0x300
                    0x0300                  ADCBUF0 = 0x300
                    0x0300                  _ADCBUF0 = 0x300
                    0x0320                  AD1CON1 = 0x320
                    0x0320                  _AD1CON1 = 0x320
                    0x0320                  _AD1CON1bits = 0x320
                    0x0322                  AD1CON2 = 0x322
                    0x0322                  _AD1CON2 = 0x322
                    0x0322                  _AD1CON2bits = 0x322
                    0x0324                  AD1CON3 = 0x324
                    0x0324                  _AD1CON3 = 0x324
                    0x0324                  _AD1CON3bits = 0x324
                    0x0326                  AD1CHS123 = 0x326
                    0x0326                  _AD1CHS123 = 0x326
                    0x0326                  _AD1CHS123bits = 0x326
                    0x0328                  AD1CHS0 = 0x328
                    0x0328                  _AD1CHS0 = 0x328
                    0x0328                  _AD1CHS0bits = 0x328
                    0x032c                  AD1PCFGL = 0x32c
                    0x032c                  _AD1PCFGL = 0x32c
                    0x032c                  _AD1PCFGLbits = 0x32c
                    0x032c                  ADPCFG = 0x32c
                    0x032c                  _ADPCFG = 0x32c
                    0x032c                  _ADPCFGbits = 0x32c
                    0x0330                  AD1CSSL = 0x330
                    0x0330                  _AD1CSSL = 0x330
                    0x0330                  _AD1CSSLbits = 0x330
                    0x0332                  AD1CON4 = 0x332
                    0x0332                  _AD1CON4 = 0x332
                    0x0332                  _AD1CON4bits = 0x332
                    0x0380                  DMA0CON = 0x380
                    0x0380                  _DMA0CON = 0x380
                    0x0380                  _DMA0CONbits = 0x380
                    0x0382                  DMA0REQ = 0x382
                    0x0382                  _DMA0REQ = 0x382
                    0x0382                  _DMA0REQbits = 0x382
                    0x0384                  DMA0STA = 0x384
                    0x0384                  _DMA0STA = 0x384
                    0x0386                  DMA0STB = 0x386
                    0x0386                  _DMA0STB = 0x386
                    0x0388                  DMA0PAD = 0x388
                    0x0388                  _DMA0PAD = 0x388
                    0x038a                  DMA0CNT = 0x38a
                    0x038a                  _DMA0CNT = 0x38a
                    0x038c                  DMA1CON = 0x38c
                    0x038c                  _DMA1CON = 0x38c
                    0x038c                  _DMA1CONbits = 0x38c
                    0x038e                  DMA1REQ = 0x38e
                    0x038e                  _DMA1REQ = 0x38e
                    0x038e                  _DMA1REQbits = 0x38e
                    0x0390                  DMA1STA = 0x390
                    0x0390                  _DMA1STA = 0x390
                    0x0392                  DMA1STB = 0x392
                    0x0392                  _DMA1STB = 0x392
                    0x0394                  DMA1PAD = 0x394
                    0x0394                  _DMA1PAD = 0x394
                    0x0396                  DMA1CNT = 0x396
                    0x0396                  _DMA1CNT = 0x396
                    0x0398                  DMA2CON = 0x398
                    0x0398                  _DMA2CON = 0x398
                    0x0398                  _DMA2CONbits = 0x398
                    0x039a                  DMA2REQ = 0x39a
                    0x039a                  _DMA2REQ = 0x39a
                    0x039a                  _DMA2REQbits = 0x39a
                    0x039c                  DMA2STA = 0x39c
                    0x039c                  _DMA2STA = 0x39c
                    0x039e                  DMA2STB = 0x39e
                    0x039e                  _DMA2STB = 0x39e
                    0x03a0                  DMA2PAD = 0x3a0
                    0x03a0                  _DMA2PAD = 0x3a0
                    0x03a2                  DMA2CNT = 0x3a2
                    0x03a2                  _DMA2CNT = 0x3a2
                    0x03a4                  DMA3CON = 0x3a4
                    0x03a4                  _DMA3CON = 0x3a4
                    0x03a4                  _DMA3CONbits = 0x3a4
                    0x03a6                  DMA3REQ = 0x3a6
                    0x03a6                  _DMA3REQ = 0x3a6
                    0x03a6                  _DMA3REQbits = 0x3a6
                    0x03a8                  DMA3STA = 0x3a8
                    0x03a8                  _DMA3STA = 0x3a8
                    0x03aa                  DMA3STB = 0x3aa
                    0x03aa                  _DMA3STB = 0x3aa
                    0x03ac                  DMA3PAD = 0x3ac
                    0x03ac                  _DMA3PAD = 0x3ac
                    0x03ae                  DMA3CNT = 0x3ae
                    0x03ae                  _DMA3CNT = 0x3ae
                    0x03b0                  DMA4CON = 0x3b0
                    0x03b0                  _DMA4CON = 0x3b0
                    0x03b0                  _DMA4CONbits = 0x3b0
                    0x03b2                  DMA4REQ = 0x3b2
                    0x03b2                  _DMA4REQ = 0x3b2
                    0x03b2                  _DMA4REQbits = 0x3b2
                    0x03b4                  DMA4STA = 0x3b4
                    0x03b4                  _DMA4STA = 0x3b4
                    0x03b6                  DMA4STB = 0x3b6
                    0x03b6                  _DMA4STB = 0x3b6
                    0x03b8                  DMA4PAD = 0x3b8
                    0x03b8                  _DMA4PAD = 0x3b8
                    0x03ba                  DMA4CNT = 0x3ba
                    0x03ba                  _DMA4CNT = 0x3ba
                    0x03bc                  DMA5CON = 0x3bc
                    0x03bc                  _DMA5CON = 0x3bc
                    0x03bc                  _DMA5CONbits = 0x3bc
                    0x03be                  DMA5REQ = 0x3be
                    0x03be                  _DMA5REQ = 0x3be
                    0x03be                  _DMA5REQbits = 0x3be
                    0x03c0                  DMA5STA = 0x3c0
                    0x03c0                  _DMA5STA = 0x3c0
                    0x03c2                  DMA5STB = 0x3c2
                    0x03c2                  _DMA5STB = 0x3c2
                    0x03c4                  DMA5PAD = 0x3c4
                    0x03c4                  _DMA5PAD = 0x3c4
                    0x03c6                  DMA5CNT = 0x3c6
                    0x03c6                  _DMA5CNT = 0x3c6
                    0x03c8                  DMA6CON = 0x3c8
                    0x03c8                  _DMA6CON = 0x3c8
                    0x03c8                  _DMA6CONbits = 0x3c8
                    0x03ca                  DMA6REQ = 0x3ca
                    0x03ca                  _DMA6REQ = 0x3ca
                    0x03ca                  _DMA6REQbits = 0x3ca
                    0x03cc                  DMA6STA = 0x3cc
                    0x03cc                  _DMA6STA = 0x3cc
                    0x03ce                  DMA6STB = 0x3ce
                    0x03ce                  _DMA6STB = 0x3ce
                    0x03d0                  DMA6PAD = 0x3d0
                    0x03d0                  _DMA6PAD = 0x3d0
                    0x03d2                  DMA6CNT = 0x3d2
                    0x03d2                  _DMA6CNT = 0x3d2
                    0x03d4                  DMA7CON = 0x3d4
                    0x03d4                  _DMA7CON = 0x3d4
                    0x03d4                  _DMA7CONbits = 0x3d4
                    0x03d6                  DMA7REQ = 0x3d6
                    0x03d6                  _DMA7REQ = 0x3d6
                    0x03d6                  _DMA7REQbits = 0x3d6
                    0x03d8                  DMA7STA = 0x3d8
                    0x03d8                  _DMA7STA = 0x3d8
                    0x03da                  DMA7STB = 0x3da
                    0x03da                  _DMA7STB = 0x3da
                    0x03dc                  DMA7PAD = 0x3dc
                    0x03dc                  _DMA7PAD = 0x3dc
                    0x03de                  DMA7CNT = 0x3de
                    0x03de                  _DMA7CNT = 0x3de
                    0x03e0                  DMACS0 = 0x3e0
                    0x03e0                  _DMACS0 = 0x3e0
                    0x03e0                  _DMACS0bits = 0x3e0
                    0x03e2                  DMACS1 = 0x3e2
                    0x03e2                  _DMACS1 = 0x3e2
                    0x03e2                  _DMACS1bits = 0x3e2
                    0x03e4                  DSADR = 0x3e4
                    0x03e4                  _DSADR = 0x3e4
                    0x0400                  C1CTRL1 = 0x400
                    0x0400                  _C1CTRL1 = 0x400
                    0x0400                  _C1CTRL1bits = 0x400
                    0x0402                  C1CTRL2 = 0x402
                    0x0402                  _C1CTRL2 = 0x402
                    0x0402                  _C1CTRL2bits = 0x402
                    0x0404                  C1VEC = 0x404
                    0x0404                  _C1VEC = 0x404
                    0x0404                  _C1VECbits = 0x404
                    0x0406                  C1FCTRL = 0x406
                    0x0406                  _C1FCTRL = 0x406
                    0x0406                  _C1FCTRLbits = 0x406
                    0x0408                  C1FIFO = 0x408
                    0x0408                  _C1FIFO = 0x408
                    0x0408                  _C1FIFObits = 0x408
                    0x040a                  C1INTF = 0x40a
                    0x040a                  _C1INTF = 0x40a
                    0x040a                  _C1INTFbits = 0x40a
                    0x040c                  C1INTE = 0x40c
                    0x040c                  _C1INTE = 0x40c
                    0x040c                  _C1INTEbits = 0x40c
                    0x040e                  C1EC = 0x40e
                    0x040e                  _C1EC = 0x40e
                    0x040e                  _C1ECbits = 0x40e
                    0x040e                  C1RERRCNT = 0x40e
                    0x040e                  _C1RERRCNT = 0x40e
                    0x040f                  C1TERRCNT = 0x40f
                    0x040f                  _C1TERRCNT = 0x40f
                    0x0410                  C1CFG1 = 0x410
                    0x0410                  _C1CFG1 = 0x410
                    0x0410                  _C1CFG1bits = 0x410
                    0x0412                  C1CFG2 = 0x412
                    0x0412                  _C1CFG2 = 0x412
                    0x0412                  _C1CFG2bits = 0x412
                    0x0414                  C1FEN1 = 0x414
                    0x0414                  _C1FEN1 = 0x414
                    0x0414                  _C1FEN1bits = 0x414
                    0x0418                  C1FMSKSEL1 = 0x418
                    0x0418                  _C1FMSKSEL1 = 0x418
                    0x0418                  _C1FMSKSEL1bits = 0x418
                    0x041a                  C1FMSKSEL2 = 0x41a
                    0x041a                  _C1FMSKSEL2 = 0x41a
                    0x041a                  _C1FMSKSEL2bits = 0x41a
                    0x0420                  C1BUFPNT1 = 0x420
                    0x0420                  _C1BUFPNT1 = 0x420
                    0x0420                  _C1BUFPNT1bits = 0x420
                    0x0420                  C1RXFUL1 = 0x420
                    0x0420                  _C1RXFUL1 = 0x420
                    0x0420                  _C1RXFUL1bits = 0x420
                    0x0422                  C1BUFPNT2 = 0x422
                    0x0422                  _C1BUFPNT2 = 0x422
                    0x0422                  _C1BUFPNT2bits = 0x422
                    0x0422                  C1RXFUL2 = 0x422
                    0x0422                  _C1RXFUL2 = 0x422
                    0x0422                  _C1RXFUL2bits = 0x422
                    0x0424                  C1BUFPNT3 = 0x424
                    0x0424                  _C1BUFPNT3 = 0x424
                    0x0424                  _C1BUFPNT3bits = 0x424
                    0x0426                  C1BUFPNT4 = 0x426
                    0x0426                  _C1BUFPNT4 = 0x426
                    0x0426                  _C1BUFPNT4bits = 0x426
                    0x0428                  C1RXOVF1 = 0x428
                    0x0428                  _C1RXOVF1 = 0x428
                    0x0428                  _C1RXOVF1bits = 0x428
                    0x042a                  C1RXOVF2 = 0x42a
                    0x042a                  _C1RXOVF2 = 0x42a
                    0x042a                  _C1RXOVF2bits = 0x42a
                    0x0430                  C1RXM0SID = 0x430
                    0x0430                  _C1RXM0SID = 0x430
                    0x0430                  _C1RXM0SIDbits = 0x430
                    0x0430                  C1TR01CON = 0x430
                    0x0430                  _C1TR01CON = 0x430
                    0x0430                  _C1TR01CONbits = 0x430
                    0x0432                  C1RXM0EID = 0x432
                    0x0432                  _C1RXM0EID = 0x432
                    0x0432                  _C1RXM0EIDbits = 0x432
                    0x0432                  C1TR23CON = 0x432
                    0x0432                  _C1TR23CON = 0x432
                    0x0432                  _C1TR23CONbits = 0x432
                    0x0434                  C1RXM1SID = 0x434
                    0x0434                  _C1RXM1SID = 0x434
                    0x0434                  _C1RXM1SIDbits = 0x434
                    0x0434                  C1TR45CON = 0x434
                    0x0434                  _C1TR45CON = 0x434
                    0x0434                  _C1TR45CONbits = 0x434
                    0x0436                  C1RXM1EID = 0x436
                    0x0436                  _C1RXM1EID = 0x436
                    0x0436                  _C1RXM1EIDbits = 0x436
                    0x0436                  C1TR67CON = 0x436
                    0x0436                  _C1TR67CON = 0x436
                    0x0436                  _C1TR67CONbits = 0x436
                    0x0438                  C1RXM2SID = 0x438
                    0x0438                  _C1RXM2SID = 0x438
                    0x0438                  _C1RXM2SIDbits = 0x438
                    0x043a                  C1RXM2EID = 0x43a
                    0x043a                  _C1RXM2EID = 0x43a
                    0x043a                  _C1RXM2EIDbits = 0x43a
                    0x0440                  C1RXD = 0x440
                    0x0440                  _C1RXD = 0x440
                    0x0440                  C1RXF0SID = 0x440
                    0x0440                  _C1RXF0SID = 0x440
                    0x0440                  _C1RXF0SIDbits = 0x440
                    0x0442                  C1RXF0EID = 0x442
                    0x0442                  _C1RXF0EID = 0x442
                    0x0442                  _C1RXF0EIDbits = 0x442
                    0x0442                  C1TXD = 0x442
                    0x0442                  _C1TXD = 0x442
                    0x0444                  C1RXF1SID = 0x444
                    0x0444                  _C1RXF1SID = 0x444
                    0x0444                  _C1RXF1SIDbits = 0x444
                    0x0446                  C1RXF1EID = 0x446
                    0x0446                  _C1RXF1EID = 0x446
                    0x0446                  _C1RXF1EIDbits = 0x446
                    0x0448                  C1RXF2SID = 0x448
                    0x0448                  _C1RXF2SID = 0x448
                    0x0448                  _C1RXF2SIDbits = 0x448
                    0x044a                  C1RXF2EID = 0x44a
                    0x044a                  _C1RXF2EID = 0x44a
                    0x044a                  _C1RXF2EIDbits = 0x44a
                    0x044c                  C1RXF3SID = 0x44c
                    0x044c                  _C1RXF3SID = 0x44c
                    0x044c                  _C1RXF3SIDbits = 0x44c
                    0x044e                  C1RXF3EID = 0x44e
                    0x044e                  _C1RXF3EID = 0x44e
                    0x044e                  _C1RXF3EIDbits = 0x44e
                    0x0450                  C1RXF4SID = 0x450
                    0x0450                  _C1RXF4SID = 0x450
                    0x0450                  _C1RXF4SIDbits = 0x450
                    0x0452                  C1RXF4EID = 0x452
                    0x0452                  _C1RXF4EID = 0x452
                    0x0452                  _C1RXF4EIDbits = 0x452
                    0x0454                  C1RXF5SID = 0x454
                    0x0454                  _C1RXF5SID = 0x454
                    0x0454                  _C1RXF5SIDbits = 0x454
                    0x0456                  C1RXF5EID = 0x456
                    0x0456                  _C1RXF5EID = 0x456
                    0x0456                  _C1RXF5EIDbits = 0x456
                    0x0458                  C1RXF6SID = 0x458
                    0x0458                  _C1RXF6SID = 0x458
                    0x0458                  _C1RXF6SIDbits = 0x458
                    0x045a                  C1RXF6EID = 0x45a
                    0x045a                  _C1RXF6EID = 0x45a
                    0x045a                  _C1RXF6EIDbits = 0x45a
                    0x045c                  C1RXF7SID = 0x45c
                    0x045c                  _C1RXF7SID = 0x45c
                    0x045c                  _C1RXF7SIDbits = 0x45c
                    0x045e                  C1RXF7EID = 0x45e
                    0x045e                  _C1RXF7EID = 0x45e
                    0x045e                  _C1RXF7EIDbits = 0x45e
                    0x0460                  C1RXF8SID = 0x460
                    0x0460                  _C1RXF8SID = 0x460
                    0x0460                  _C1RXF8SIDbits = 0x460
                    0x0462                  C1RXF8EID = 0x462
                    0x0462                  _C1RXF8EID = 0x462
                    0x0462                  _C1RXF8EIDbits = 0x462
                    0x0464                  C1RXF9SID = 0x464
                    0x0464                  _C1RXF9SID = 0x464
                    0x0464                  _C1RXF9SIDbits = 0x464
                    0x0466                  C1RXF9EID = 0x466
                    0x0466                  _C1RXF9EID = 0x466
                    0x0466                  _C1RXF9EIDbits = 0x466
                    0x0468                  C1RXF10SID = 0x468
                    0x0468                  _C1RXF10SID = 0x468
                    0x0468                  _C1RXF10SIDbits = 0x468
                    0x046a                  C1RXF10EID = 0x46a
                    0x046a                  _C1RXF10EID = 0x46a
                    0x046a                  _C1RXF10EIDbits = 0x46a
                    0x046c                  C1RXF11SID = 0x46c
                    0x046c                  _C1RXF11SID = 0x46c
                    0x046c                  _C1RXF11SIDbits = 0x46c
                    0x046e                  C1RXF11EID = 0x46e
                    0x046e                  _C1RXF11EID = 0x46e
                    0x046e                  _C1RXF11EIDbits = 0x46e
                    0x0470                  C1RXF12SID = 0x470
                    0x0470                  _C1RXF12SID = 0x470
                    0x0470                  _C1RXF12SIDbits = 0x470
                    0x0472                  C1RXF12EID = 0x472
                    0x0472                  _C1RXF12EID = 0x472
                    0x0472                  _C1RXF12EIDbits = 0x472
                    0x0474                  C1RXF13SID = 0x474
                    0x0474                  _C1RXF13SID = 0x474
                    0x0474                  _C1RXF13SIDbits = 0x474
                    0x0476                  C1RXF13EID = 0x476
                    0x0476                  _C1RXF13EID = 0x476
                    0x0476                  _C1RXF13EIDbits = 0x476
                    0x0478                  C1RXF14SID = 0x478
                    0x0478                  _C1RXF14SID = 0x478
                    0x0478                  _C1RXF14SIDbits = 0x478
                    0x047a                  C1RXF14EID = 0x47a
                    0x047a                  _C1RXF14EID = 0x47a
                    0x047a                  _C1RXF14EIDbits = 0x47a
                    0x047c                  C1RXF15SID = 0x47c
                    0x047c                  _C1RXF15SID = 0x47c
                    0x047c                  _C1RXF15SIDbits = 0x47c
                    0x047e                  C1RXF15EID = 0x47e
                    0x047e                  _C1RXF15EID = 0x47e
                    0x047e                  _C1RXF15EIDbits = 0x47e
                    0x0600                  PMCON = 0x600
                    0x0600                  _PMCON = 0x600
                    0x0600                  _PMCONbits = 0x600
                    0x0602                  PMMODE = 0x602
                    0x0602                  _PMMODE = 0x602
                    0x0602                  _PMMODEbits = 0x602
                    0x0604                  PMADDR = 0x604
                    0x0604                  _PMADDR = 0x604
                    0x0604                  _PMADDRbits = 0x604
                    0x0604                  PMDOUT1 = 0x604
                    0x0604                  _PMDOUT1 = 0x604
                    0x0606                  PMDOUT2 = 0x606
                    0x0606                  _PMDOUT2 = 0x606
                    0x0608                  PMDIN1 = 0x608
                    0x0608                  _PMDIN1 = 0x608
                    0x060a                  PMDIN2 = 0x60a
                    0x060a                  _PMDIN2 = 0x60a
                    0x060c                  PMAEN = 0x60c
                    0x060c                  _PMAEN = 0x60c
                    0x060c                  _PMAENbits = 0x60c
                    0x060e                  PMSTAT = 0x60e
                    0x060e                  _PMSTAT = 0x60e
                    0x060e                  _PMSTATbits = 0x60e
                    0x0620                  ALRMVAL = 0x620
                    0x0620                  _ALRMVAL = 0x620
                    0x0622                  ALCFGRPT = 0x622
                    0x0622                  _ALCFGRPT = 0x622
                    0x0622                  _ALCFGRPTbits = 0x622
                    0x0624                  RTCVAL = 0x624
                    0x0624                  _RTCVAL = 0x624
                    0x0626                  RCFGCAL = 0x626
                    0x0626                  _RCFGCAL = 0x626
                    0x0626                  _RCFGCALbits = 0x626
                    0x0630                  CMCON = 0x630
                    0x0630                  _CMCON = 0x630
                    0x0630                  _CMCONbits = 0x630
                    0x0632                  CVRCON = 0x632
                    0x0632                  _CVRCON = 0x632
                    0x0632                  _CVRCONbits = 0x632
                    0x0640                  CRCCON = 0x640
                    0x0640                  _CRCCON = 0x640
                    0x0640                  _CRCCONbits = 0x640
                    0x0642                  CRCXOR = 0x642
                    0x0642                  _CRCXOR = 0x642
                    0x0644                  CRCDAT = 0x644
                    0x0644                  _CRCDAT = 0x644
                    0x0646                  CRCWDAT = 0x646
                    0x0646                  _CRCWDAT = 0x646
                    0x0680                  RPINR0 = 0x680
                    0x0680                  _RPINR0 = 0x680
                    0x0680                  _RPINR0bits = 0x680
                    0x0682                  RPINR1 = 0x682
                    0x0682                  _RPINR1 = 0x682
                    0x0682                  _RPINR1bits = 0x682
                    0x0686                  RPINR3 = 0x686
                    0x0686                  _RPINR3 = 0x686
                    0x0686                  _RPINR3bits = 0x686
                    0x0688                  RPINR4 = 0x688
                    0x0688                  _RPINR4 = 0x688
                    0x0688                  _RPINR4bits = 0x688
                    0x068e                  RPINR7 = 0x68e
                    0x068e                  _RPINR7 = 0x68e
                    0x068e                  _RPINR7bits = 0x68e
                    0x0694                  RPINR10 = 0x694
                    0x0694                  _RPINR10 = 0x694
                    0x0694                  _RPINR10bits = 0x694
                    0x0696                  RPINR11 = 0x696
                    0x0696                  _RPINR11 = 0x696
                    0x0696                  _RPINR11bits = 0x696
                    0x06a4                  RPINR18 = 0x6a4
                    0x06a4                  _RPINR18 = 0x6a4
                    0x06a4                  _RPINR18bits = 0x6a4
                    0x06a6                  RPINR19 = 0x6a6
                    0x06a6                  _RPINR19 = 0x6a6
                    0x06a6                  _RPINR19bits = 0x6a6
                    0x06a8                  RPINR20 = 0x6a8
                    0x06a8                  _RPINR20 = 0x6a8
                    0x06a8                  _RPINR20bits = 0x6a8
                    0x06aa                  RPINR21 = 0x6aa
                    0x06aa                  _RPINR21 = 0x6aa
                    0x06aa                  _RPINR21bits = 0x6aa
                    0x06ac                  RPINR22 = 0x6ac
                    0x06ac                  _RPINR22 = 0x6ac
                    0x06ac                  _RPINR22bits = 0x6ac
                    0x06ae                  RPINR23 = 0x6ae
                    0x06ae                  _RPINR23 = 0x6ae
                    0x06ae                  _RPINR23bits = 0x6ae
                    0x06b4                  RPINR26 = 0x6b4
                    0x06b4                  _RPINR26 = 0x6b4
                    0x06b4                  _RPINR26bits = 0x6b4
                    0x06c0                  RPOR0 = 0x6c0
                    0x06c0                  _RPOR0 = 0x6c0
                    0x06c0                  _RPOR0bits = 0x6c0
                    0x06c2                  RPOR1 = 0x6c2
                    0x06c2                  _RPOR1 = 0x6c2
                    0x06c2                  _RPOR1bits = 0x6c2
                    0x06c4                  RPOR2 = 0x6c4
                    0x06c4                  _RPOR2 = 0x6c4
                    0x06c4                  _RPOR2bits = 0x6c4
                    0x06c6                  RPOR3 = 0x6c6
                    0x06c6                  _RPOR3 = 0x6c6
                    0x06c6                  _RPOR3bits = 0x6c6
                    0x06c8                  RPOR4 = 0x6c8
                    0x06c8                  _RPOR4 = 0x6c8
                    0x06c8                  _RPOR4bits = 0x6c8
                    0x06ca                  RPOR5 = 0x6ca
                    0x06ca                  _RPOR5 = 0x6ca
                    0x06ca                  _RPOR5bits = 0x6ca
                    0x06cc                  RPOR6 = 0x6cc
                    0x06cc                  _RPOR6 = 0x6cc
                    0x06cc                  _RPOR6bits = 0x6cc
                    0x06ce                  RPOR7 = 0x6ce
                    0x06ce                  _RPOR7 = 0x6ce
                    0x06ce                  _RPOR7bits = 0x6ce
                    0x06d0                  RPOR8 = 0x6d0
                    0x06d0                  _RPOR8 = 0x6d0
                    0x06d0                  _RPOR8bits = 0x6d0
                    0x06d2                  RPOR9 = 0x6d2
                    0x06d2                  _RPOR9 = 0x6d2
                    0x06d2                  _RPOR9bits = 0x6d2
                    0x06d4                  RPOR10 = 0x6d4
                    0x06d4                  _RPOR10 = 0x6d4
                    0x06d4                  _RPOR10bits = 0x6d4
                    0x06d6                  RPOR11 = 0x6d6
                    0x06d6                  _RPOR11 = 0x6d6
                    0x06d6                  _RPOR11bits = 0x6d6
                    0x06d8                  RPOR12 = 0x6d8
                    0x06d8                  _RPOR12 = 0x6d8
                    0x06d8                  _RPOR12bits = 0x6d8
                    0x0740                  RCON = 0x740
                    0x0740                  _RCON = 0x740
                    0x0740                  _RCONbits = 0x740
                    0x0742                  OSCCON = 0x742
                    0x0742                  _OSCCON = 0x742
                    0x0742                  _OSCCONbits = 0x742
                    0x0742                  OSCCONL = 0x742
                    0x0742                  _OSCCONL = 0x742
                    0x0743                  OSCCONH = 0x743
                    0x0743                  _OSCCONH = 0x743
                    0x0744                  CLKDIV = 0x744
                    0x0744                  _CLKDIV = 0x744
                    0x0744                  _CLKDIVbits = 0x744
                    0x0746                  PLLFBD = 0x746
                    0x0746                  _PLLFBD = 0x746
                    0x0746                  _PLLFBDbits = 0x746
                    0x0748                  OSCTUN = 0x748
                    0x0748                  _OSCTUN = 0x748
                    0x0748                  _OSCTUNbits = 0x748
                    0x0750                  BSRAM = 0x750
                    0x0750                  _BSRAM = 0x750
                    0x0750                  _BSRAMbits = 0x750
                    0x0752                  SSRAM = 0x752
                    0x0752                  _SSRAM = 0x752
                    0x0752                  _SSRAMbits = 0x752
                    0x0760                  NVMCON = 0x760
                    0x0760                  _NVMCON = 0x760
                    0x0760                  _NVMCONbits = 0x760
                    0x0766                  NVMKEY = 0x766
                    0x0766                  _NVMKEY = 0x766
                    0x0770                  PMD1 = 0x770
                    0x0770                  _PMD1 = 0x770
                    0x0770                  _PMD1bits = 0x770
                    0x0772                  PMD2 = 0x772
                    0x0772                  _PMD2 = 0x772
                    0x0772                  _PMD2bits = 0x772
                    0x0774                  PMD3 = 0x774
                    0x0774                  _PMD3 = 0x774
                    0x0774                  _PMD3bits = 0x774
                    0x0440                  CAN1 = 0x440
                    0x0440                  _CAN1 = 0x440
                    0x0140                  IC1 = 0x140
                    0x0140                  _IC1 = 0x140
                    0x0144                  IC2 = 0x144
                    0x0144                  _IC2 = 0x144
                    0x0158                  IC7 = 0x158
                    0x0158                  _IC7 = 0x158
                    0x015c                  IC8 = 0x15c
                    0x015c                  _IC8 = 0x15c
                    0x0180                  OC1 = 0x180
                    0x0180                  _OC1 = 0x180
                    0x0186                  OC2 = 0x186
                    0x0186                  _OC2 = 0x186
                    0x018c                  OC3 = 0x18c
                    0x018c                  _OC3 = 0x18c
                    0x0192                  OC4 = 0x192
                    0x0192                  _OC4 = 0x192
                    0x0240                  SPI1 = 0x240
                    0x0240                  _SPI1 = 0x240
                    0x0260                  SPI2 = 0x260
                    0x0260                  _SPI2 = 0x260
                    0x0220                  UART1 = 0x220
                    0x0220                  _UART1 = 0x220